---
source: crates/brasa_typeck/tests/typecheck.rs
expression: dump
---
item types
  i2 text -> string
  i5 there -> bool
  i6 file -> bool
  i7 folder -> bool
  i8 names -> Vector<string>
  i9 matched -> Vector<string>
  i10 everything -> Vector<string>
  i11 pruned -> Vector<string>
  i12 attempt -> Walk
  i13 reached -> Vector<string>
  i14 missed -> Vector<string>
  i15 rendered -> string
  i22 rebuilt -> string
  i23 extension -> string
  i24 absolute -> string
  i25 here -> string
expr types
  e0 -> unknown
  e1 -> unknown
  e2 -> string
  e3 -> string
  e4 -> unknown
  e5 -> unknown
  e6 -> string
  e7 -> string
  e8 -> unit
  e9 -> unknown
  e10 -> unknown
  e11 -> string
  e12 -> string
  e13 -> unit
  e14 -> unknown
  e15 -> unknown
  e16 -> string
  e17 -> bool
  e18 -> unknown
  e19 -> unknown
  e20 -> string
  e21 -> bool
  e22 -> unknown
  e23 -> unknown
  e24 -> string
  e25 -> bool
  e26 -> unknown
  e27 -> unknown
  e28 -> string
  e29 -> Vector<string>
  e30 -> unknown
  e31 -> unknown
  e32 -> string
  e33 -> Vector<string>
  e34 -> unknown
  e35 -> unknown
  e36 -> string
  e37 -> Vector<string>
  e38 -> unknown
  e39 -> unknown
  e40 -> string
  e41 -> string
  e42 -> Vector<string>
  e43 -> Vector<string>
  e44 -> unknown
  e45 -> unknown
  e46 -> string
  e47 -> Walk
  e48 -> Walk
  e49 -> Vector<string>
  e50 -> Walk
  e51 -> Vector<string>
  e52 -> unknown
  e53 -> unknown
  e54 -> string
  e55 -> string
  e56 -> Vector<string>
  e57 -> Walk
  e58 -> () -> string
  e59 -> string
  e60 -> unknown
  e61 -> unknown
  e62 -> string
  e63 -> unit
  e64 -> unknown
  e65 -> unknown
  e66 -> string
  e67 -> unit
  e68 -> unknown
  e69 -> unknown
  e70 -> string
  e71 -> string
  e72 -> unit
  e73 -> unknown
  e74 -> unknown
  e75 -> string
  e76 -> string
  e77 -> unit
  e78 -> unknown
  e79 -> unknown
  e80 -> string
  e81 -> unit
  e82 -> unknown
  e83 -> unknown
  e84 -> string
  e85 -> unit
  e86 -> unknown
  e87 -> unknown
  e88 -> unknown
  e89 -> unknown
  e90 -> string
  e91 -> string
  e92 -> unknown
  e93 -> unknown
  e94 -> string
  e95 -> string
  e96 -> string
  e97 -> unknown
  e98 -> unknown
  e99 -> string
  e100 -> string
  e101 -> unknown
  e102 -> unknown
  e103 -> string
  e104 -> string
  e105 -> unknown
  e106 -> unknown
  e107 -> string
  e108 -> unknown
  e109 -> unknown
  e110 -> string
  e111 -> unit
