---
source: crates/brasa_typeck/tests/typecheck.rs
expression: rendered
---
[T002] Error: invalid operands for `+`: `int` and `float`
   ╭─[ error_operators.bras:3:15 ]
   │
 3 │   let mixed = a + b
   │               ───┬──  
   │                  ╰──── operands must be two `int`s or two `float`s
   │ 
   │ Note: there are no implicit numeric conversions: convert explicitly with `toFloat()` or `toInt()`
───╯
[T002] Error: invalid operands for `-`: `string` and `string`
   ╭─[ error_operators.bras:4:17 ]
   │
 4 │   let bad_sub = s - s
   │                 ───┬──  
   │                    ╰──── operands must be two `int`s or two `float`s
───╯
[T004] Error: cannot compare `int` and `string` with `<`
   ╭─[ error_operators.bras:5:15 ]
   │
 5 │   let cross = a < s
   │               ───┬──  
   │                  ╰──── both sides must have the same type
───╯
[T001] Error: mismatched types: expected `bool`, found `int`
   ╭─[ error_operators.bras:6:25 ]
   │
 6 │   let and_int = flag && a
   │                         ┬  
   │                         ╰── expected `bool`
───╯
[T002] Error: operator `-` expects `int` or `float`, found `string`
   ╭─[ error_operators.bras:7:14 ]
   │
 7 │   let neg = -s
   │              ┬  
   │              ╰── not negatable
───╯
[T011] Error: strings are not indexable
   ╭─[ error_operators.bras:8:17 ]
   │
 8 │   let indexed = "abc"[0]
   │                 ───┬──  
   │                    ╰──── cannot index a string
   │ 
   │ Note: use `chars()` or `slice(from, to)` instead
───╯
[T001] Error: mismatched types: expected `bool`, found `int`
   ╭─[ error_operators.bras:9:6 ]
   │
 9 │   if a
   │      ┬  
   │      ╰── expected `bool`
───╯
