---
source: crates/brasa_typeck/tests/typecheck.rs
expression: dump
---
item types
  i0 nums -> Vector<int>
  i1 total -> int
  i2 joined -> string
  i3 found -> int
  i4 anyEven -> bool
  i5 allPos -> bool
  i6 sorted -> Vector<int>
  i7 pairs -> Vector<(int, string)>
  i8 nested -> Vector<Vector<int>>
  i9 flat -> Vector<int>
  i10 unique -> Vector<int>
  i11 sliced -> Vector<int>
  i12 glued -> string
  i13 stock -> Map<string, int>
  i14 entries -> Vector<(string, int)>
  i15 extra -> Map<string, int>
  i16 merged -> Map<string, int>
  i18 s -> Set<int>
  i19 u -> Set<int>
  i20 i -> Set<int>
  i21 d -> Set<int>
local types
  l0 acc -> int
  l1 x -> int
  l2 x -> int
  l3 acc -> string
  l4 s -> string
  l5 x -> int
  l6 $tmp0 -> int
  l7 x -> int
  l8 x -> int
  l9 k -> string
  l10 v -> int
expr types
  e0 -> int
  e1 -> int
  e2 -> int
  e3 -> Vector<int>
  e4 -> Vector<int>
  e5 -> (int, (int, int) -> int) -> int
  e6 -> int
  e7 -> int
  e8 -> int
  e9 -> int
  e10 -> (int, int) -> int
  e11 -> int
  e12 -> Vector<int>
  e13 -> ((int) -> unknown) -> Vector<string>
  e14 -> int
  e15 -> () -> string
  e16 -> string
  e17 -> (int) -> string
  e18 -> Vector<string>
  e19 -> (string, (string, string) -> string) -> string
  e20 -> string
  e21 -> string
  e22 -> string
  e23 -> string
  e24 -> (string, string) -> string
  e25 -> string
  e26 -> Vector<int>
  e27 -> ((int) -> bool) -> Option<int>
  e28 -> int
  e29 -> int
  e30 -> bool
  e31 -> (int) -> bool
  e32 -> Option<int>
  e33 -> int
  e34 -> int
  e35 -> int
  e36 -> Vector<int>
  e37 -> ((int) -> bool) -> bool
  e38 -> int
  e39 -> int
  e40 -> int
  e41 -> int
  e42 -> bool
  e43 -> (int) -> bool
  e44 -> bool
  e45 -> Vector<int>
  e46 -> ((int) -> bool) -> bool
  e47 -> int
  e48 -> int
  e49 -> bool
  e50 -> (int) -> bool
  e51 -> bool
  e52 -> Vector<int>
  e53 -> () -> Vector<int>
  e54 -> Vector<int>
  e55 -> Vector<int>
  e56 -> (Vector<string>) -> Vector<(int, string)>
  e57 -> string
  e58 -> string
  e59 -> string
  e60 -> Vector<string>
  e61 -> Vector<(int, string)>
  e62 -> int
  e63 -> Vector<int>
  e64 -> int
  e65 -> int
  e66 -> Vector<int>
  e67 -> Vector<Vector<int>>
  e68 -> Vector<Vector<int>>
  e69 -> () -> Vector<int>
  e70 -> Vector<int>
  e71 -> Vector<int>
  e72 -> () -> Vector<int>
  e73 -> Vector<int>
  e74 -> Vector<int>
  e75 -> (int, int) -> Vector<int>
  e76 -> int
  e77 -> int
  e78 -> Vector<int>
  e79 -> Vector<int>
  e80 -> (string) -> string
  e81 -> string
  e82 -> string
  e83 -> string
  e84 -> int
  e85 -> Map<string, int>
  e86 -> Map<string, int>
  e87 -> () -> Vector<(string, int)>
  e88 -> Vector<(string, int)>
  e89 -> string
  e90 -> int
  e91 -> Map<string, int>
  e92 -> Map<string, int>
  e93 -> (Map<string, int>) -> Map<string, int>
  e94 -> Map<string, int>
  e95 -> Map<string, int>
  e96 -> Map<string, int>
  e97 -> ((string, int) -> unit) -> unit
  e98 -> (unknown) -> unit
  e99 -> string
  e100 -> int
  e101 -> () -> string
  e102 -> string
  e103 -> string
  e104 -> unit
  e105 -> (string, int) -> unit
  e106 -> unit
  e107 -> int
  e108 -> int
  e109 -> Vector<int>
  e110 -> Set<int>
  e111 -> Set<int>
  e112 -> (Set<int>) -> Set<int>
  e113 -> int
  e114 -> Vector<int>
  e115 -> Set<int>
  e116 -> Set<int>
  e117 -> Set<int>
  e118 -> (Set<int>) -> Set<int>
  e119 -> int
  e120 -> Vector<int>
  e121 -> Set<int>
  e122 -> Set<int>
  e123 -> Set<int>
  e124 -> (Set<int>) -> Set<int>
  e125 -> int
  e126 -> Vector<int>
  e127 -> Set<int>
  e128 -> Set<int>
