---
source: crates/brasa_typeck/tests/typecheck.rs
expression: rendered
---
[T009] Error: cannot assign into a `Json` value
   ╭─[ json_index_is_not_assignable.brs:5:1 ]
   │
 5 │ data["a"] = data["b"]
   │ ───────────┬──────────  
   │            ╰──────────── `Json` is immutable
───╯
[T009] Error: cannot assign into a `Json` value
   ╭─[ json_index_is_not_assignable.brs:6:1 ]
   │
 6 │ data["a"][0] = data["b"]
   │ ────────────┬────────────  
   │             ╰────────────── `Json` is immutable
───╯
