---
source: crates/brasa_typeck/tests/typecheck.rs
expression: rendered
---
[T030] Error: `??` fallback has type `string`, but the `Option` carries `Vector<int>`
   ╭─[ coalesce_fallback_mismatch_and_contextless_literal_still_report.bras:3:21 ]
   │
 3 │ let wrong = ints ?? "x"
   │                     ─┬─  
   │                      ╰─── expected `Vector<int>`
───╯
[T030] Error: `??` fallback has type `Option<int>`, but the `Option` carries `int`
   ╭─[ coalesce_fallback_mismatch_and_contextless_literal_still_report.bras:6:25 ]
   │
 6 │ let doubled = nested ?? nested
   │                         ───┬──  
   │                            ╰──── expected `int`
   │ 
   │ Note: an `Option` right side only chains: add another `??` with a plain `int` fallback to end the chain
───╯
[T014] Error: cannot infer the element type of an empty vector literal
   ╭─[ coalesce_fallback_mismatch_and_contextless_literal_still_report.bras:8:12 ]
   │
 8 │ let bare = []
   │            ─┬  
   │             ╰── no element to infer from
   │ 
   │ Note: annotate the binding, e.g. `let xs: Vector<int> = []`
───╯
