---
source: crates/brasa_typeck/tests/typecheck.rs
expression: rendered
---
[T027] Error: `bool` does not satisfy `Comparable`
   ╭─[ error_constraint_annotations.brs:6:13 ]
   │
 6 │ def dist(p: Point<bool>): int
   │             ─────┬─────  
   │                  ╰─────── constraint not satisfied
   │ 
   │ Note: `bool` has no member `cmp` with a compatible signature
───╯
[T027] Error: `bool` does not satisfy `Comparable`
    ╭─[ error_constraint_annotations.brs:10:13 ]
    │
 10 │ def make(): Point<bool>
    │             ─────┬─────  
    │                  ╰─────── constraint not satisfied
    │ 
    │ Note: `bool` has no member `cmp` with a compatible signature
────╯
[T027] Error: `bool` does not satisfy `Comparable`
    ╭─[ error_constraint_annotations.brs:11:3 ]
    │
 11 │   Point { x: true }
    │   ─────────┬────────  
    │            ╰────────── constraint not satisfied
    │ 
    │ Note: `bool` has no member `cmp` with a compatible signature
────╯
[T027] Error: `bool` does not satisfy `Comparable`
    ╭─[ error_constraint_annotations.brs:14:8 ]
    │
 14 │ let q: Point<bool> = Point { x: true }
    │        ─────┬─────  
    │             ╰─────── constraint not satisfied
    │ 
    │ Note: `bool` has no member `cmp` with a compatible signature
────╯
[T027] Error: `bool` does not satisfy `Comparable`
    ╭─[ error_constraint_annotations.brs:14:22 ]
    │
 14 │ let q: Point<bool> = Point { x: true }
    │                      ─────────┬────────  
    │                               ╰────────── constraint not satisfied
    │ 
    │ Note: `bool` has no member `cmp` with a compatible signature
────╯
