---
source: crates/brasa_typeck/tests/typecheck.rs
expression: dump
---
item types
  i0 classify -> (int) -> string
  i1 clamp -> (int) -> int
  i2 scan -> (Vector<string>, Map<string, int>) -> int
  i3 report -> (int) -> unit
local types
  l0 n -> int
  l1 n -> int
  l2 bounded -> int
  l3 items -> Vector<string>
  l4 counts -> Map<string, int>
  l5 total -> int
  l6 item -> string
  l7 ch -> char
  l8 word -> string
  l9 count -> int
  l10 i -> int
  l11 n -> int
expr types
  e0 -> int
  e1 -> int
  e2 -> bool
  e3 -> string
  e4 -> int
  e5 -> int
  e6 -> bool
  e7 -> string
  e8 -> string
  e9 -> int
  e10 -> int
  e11 -> bool
  e12 -> int
  e13 -> int
  e14 -> int
  e15 -> bool
  e16 -> int
  e17 -> int
  e18 -> int
  e19 -> int
  e20 -> int
  e21 -> Vector<string>
  e22 -> string
  e23 -> char
  e24 -> char
  e25 -> bool
  e26 -> int
  e27 -> int
  e28 -> int
  e29 -> int
  e30 -> Map<string, int>
  e31 -> int
  e32 -> int
  e33 -> int
  e34 -> int
  e35 -> string
  e36 -> () -> int
  e37 -> int
  e38 -> int
  e39 -> int
  e40 -> int
  e41 -> Range
  e42 -> int
  e43 -> int
  e44 -> int
  e45 -> int
  e46 -> int
  e47 -> int
  e48 -> bool
  e49 -> int
  e50 -> int
  e51 -> int
  e52 -> int
  e53 -> bool
  e54 -> int
  e55 -> int
  e56 -> int
  e57 -> int
  e58 -> int
  e59 -> int
  e60 -> (unknown) -> unit
  e61 -> string
  e62 -> unit
  e63 -> int
  e64 -> int
  e65 -> int
  e66 -> unit
