---
source: crates/brasa_typeck/tests/typecheck.rs
expression: rendered
---
[T007] Error: struct `Point` has no field or method `z`
    ╭─[ error_members_and_calls.bras:12:11 ]
    │
 12 │   let a = p.z
    │           ─┬─  
    │            ╰─── unknown member
────╯
[T005] Error: wrong number of arguments: expected 0, found 1
    ╭─[ error_members_and_calls.bras:13:11 ]
    │
 13 │   let b = p.sum(1)
    │           ────┬───  
    │               ╰───── expected 0 argument(s)
────╯
[T022] Error: missing field `y` in struct literal of `Point`
    ╭─[ error_members_and_calls.bras:14:13 ]
    │
 14 │   let lit = Point { x: 1, z: 3 }
    │             ──────────┬─────────  
    │                       ╰─────────── field not provided
────╯
[T020] Error: unknown field `z` on struct `Point`
    ╭─[ error_members_and_calls.bras:14:30 ]
    │
 14 │   let lit = Point { x: 1, z: 3 }
    │                              ┬  
    │                              ╰── not a declared field
────╯
[T001] Error: mismatched types: expected `int`, found `string`
    ╭─[ error_members_and_calls.bras:15:26 ]
    │
 15 │   let pushed = nums.push("no")
    │                          ──┬─  
    │                            ╰─── expected `int`
────╯
[T007] Error: no method `shove` on `Vector<int>`
    ╭─[ error_members_and_calls.bras:16:16 ]
    │
 16 │   let shoved = nums.shove(1)
    │                ──────┬──────  
    │                      ╰──────── unknown method
────╯
[T005] Error: wrong number of arguments: expected 2, found 1
    ╭─[ error_members_and_calls.bras:24:9 ]
    │
 24 │ let r = two(1)
    │         ───┬──  
    │            ╰──── expected 2 argument(s)
────╯
[T001] Error: mismatched types: expected `int`, found `string`
    ╭─[ error_members_and_calls.bras:25:16 ]
    │
 25 │ let q = two(1, "x")
    │                ─┬─  
    │                 ╰─── expected `int`
────╯
[T006] Error: cannot call a value of type `int`
    ╭─[ error_members_and_calls.bras:26:14 ]
    │
 26 │ let called = two(1, 2)(3)
    │              ──────┬─────  
    │                    ╰─────── not callable
────╯
