---
source: crates/brasa_typeck/tests/typecheck.rs
expression: rendered
---
[T027] Error: `Ver` does not satisfy `Comparable`
    ╭─[ comparable_is_not_satisfied_by_a_throwing_cmp.bras:21:14 ]
    │
 21 │ let newest = biggest(Ver { major: 1 }, Ver { major: 2 })
    │              ─────────────────────┬─────────────────────  
    │                                   ╰─────────────────────── constraint not satisfied
    │ 
    │ Note 1: `Ver` has a member `cmp`, but it throws more than the constraint allows
    │ 
    │ Note 2: `< <= > >=` call `cmp` and compare its result against `0`; an operator has no way to report a failure, so a throwing `cmp` cannot satisfy `Comparable`
────╯
