---
source: crates/brasa_parser/tests/examples.rs
expression: dump
---
Import::Std(std::env)
Import::Std(std::fs)
Import::Std(std::io)
Import::Std(std::math)
Import::File("tally.bras")
Let entryPattern
  StringLit
    Text(raw=true) "^(\\S+) \\S+ \\S+ \\[[^\\]]+\\] \"([A-Z]+) ([^ \"]+)[^\"]*\" (\\d{3}) (\\d+|-)"
FuncDef source()
  Let args
    Call
      Field(args)
        Ident(env)
  If
    cond
      Binary(==)
        Call
          Field(len)
            Ident(args)
        Int(0)
    then
      Call
        Field(readAll)
          Ident(io)
    else
      Call
        Field(read)
          Ident(fs)
        Index
          Ident(args)
          Int(0)
FuncDef percent(part, total)
  Let share
    Binary(*)
      Binary(/)
        Call
          Field(toFloat)
            Ident(part)
        Call
          Field(toFloat)
            Ident(total)
      Float(100)
  StringLit
    Interp
      Call
        Field(toFixed)
          Ident(share)
        Int(1)
    Text(raw=false) "%"
FuncDef report(title, rows, limit)
  Call
    Ident(puts)
    StringLit
  Call
    Ident(puts)
    Ident(title)
  For
    Binding(i)
    Range(inclusive=false)
      Int(0)
      Call
        Field(min)
          Ident(math)
        Ident(limit)
        Call
          Field(len)
            Ident(rows)
    Let row
      Index
        Ident(rows)
        Ident(i)
    Call
      Ident(puts)
      StringLit
        Text(raw=false) "  "
        Interp
          Call
            Field(pad)
              Ident(tally)
            Field(hits)
              Ident(row)
            Int(4)
        Text(raw=false) "  "
        Interp
          Field(key)
            Ident(row)
FuncDef main()
  Let classes
    MapLit
  Let paths
    MapLit
  Let clients
    MapLit
  Let failing
    MapLit
  Let mut total
    Int(0)
  Let mut skipped
    Int(0)
  Let mut bytes
    Int(0)
  For
    Binding(line)
    Call
      Field(lines)
        Call
          Ident(source)
    If
      cond
        Binary(==)
          Call
            Field(trim)
              Ident(line)
          StringLit
      then
        Continue
    Let caps
      Coalesce
        Call
          Field(captures)
            Ident(line)
          Ident(entryPattern)
        VectorLit
    If
      cond
        Binary(==)
          Call
            Field(len)
              Ident(caps)
          Int(0)
      then
        Assign +=
          Ident(skipped)
          Int(1)
        Continue
    Let client
      Index
        Ident(caps)
        Int(1)
    Let method
      Index
        Ident(caps)
        Int(2)
    Let path
      Index
        Call
          Field(split)
            Index
              Ident(caps)
              Int(3)
          StringLit
            Text(raw=false) "?"
        Int(0)
    Let status
      Index
        Ident(caps)
        Int(4)
    Assign +=
      Ident(total)
      Int(1)
    Assign +=
      Ident(bytes)
      Catch(exhaustive=false, binding=e)
        Call
          Field(toInt)
            Index
              Ident(caps)
              Int(5)
        arm string.ParseError
            Int(0)
    Call
      Field(bump)
        Ident(tally)
      Ident(classes)
      Binary(+)
        Call
          Field(slice)
            Ident(status)
          Int(0)
          Int(1)
        StringLit
          Text(raw=false) "xx"
    Call
      Field(bump)
        Ident(tally)
      Ident(paths)
      Ident(path)
    Call
      Field(bump)
        Ident(tally)
      Ident(clients)
      Ident(client)
    If
      cond
        Call
          Field(startsWith?)
            Ident(status)
          StringLit
            Text(raw=false) "5"
      then
        Call
          Field(bump)
            Ident(tally)
          Ident(failing)
          StringLit
            Interp
              Ident(method)
            Text(raw=false) " "
            Interp
              Ident(path)
  Call
    Ident(puts)
    StringLit
      Text(raw=false) "parsed "
      Interp
        Ident(total)
      Text(raw=false) " requests, skipped "
      Interp
        Ident(skipped)
      Text(raw=false) " unparsable lines"
  Call
    Ident(puts)
    StringLit
      Text(raw=false) "bytes served: "
      Interp
        Ident(bytes)
  Call
    Ident(puts)
    StringLit
  Call
    Ident(puts)
    StringLit
      Text(raw=false) "status classes:"
  For
    Binding(class)
    Call
      Field(sort)
        Call
          Field(keys)
            Ident(classes)
    Let hits
      Coalesce
        Index
          Ident(classes)
          Ident(class)
        Int(0)
    Call
      Ident(puts)
      StringLit
        Text(raw=false) "  "
        Interp
          Ident(class)
        Text(raw=false) "  "
        Interp
          Call
            Field(pad)
              Ident(tally)
            Ident(hits)
            Int(4)
        Text(raw=false) "  "
        Interp
          Call
            Ident(percent)
            Ident(hits)
            Ident(total)
  Call
    Ident(report)
    StringLit
      Text(raw=false) "top paths:"
    Call
      Field(ranked)
        Ident(tally)
      Ident(paths)
    Int(5)
  Call
    Ident(report)
    StringLit
      Text(raw=false) "top clients:"
    Call
      Field(ranked)
        Ident(tally)
      Ident(clients)
    Int(3)
  If
    cond
      Binary(==)
        Call
          Field(len)
            Ident(failing)
        Int(0)
    then
      Call
        Ident(puts)
        StringLit
      Call
        Ident(puts)
        StringLit
          Text(raw=false) "no server errors"
    else
      Call
        Ident(report)
        StringLit
          Text(raw=false) "server errors by endpoint:"
        Call
          Field(ranked)
            Ident(tally)
          Ident(failing)
        Call
          Field(len)
            Ident(failing)
