---
source: crates/brasa_resolver/tests/resolution.rs
expression: rendered
---
[R006] Error: duplicate definition of `Circle`
   ╭─[ duplicate_variants_and_fields.brs:2:1 ]
   │
 2 │ ╭───▶ enum Shape
   │ │     ▲            
   │ │ ╭───╯            
   ┆ ┆ ┆   
 7 │ ├─│ ▶ end
   │ │ │     ▲   
   │ ╰─────────── redefined here
   │   │     │   
   │   ╰─────┴─── previously defined here
───╯
[R006] Error: duplicate definition of `w`
   ╭─[ duplicate_variants_and_fields.brs:5:21 ]
   │
 5 │   Rect(w: float, w: float)
   │           ──┬──     ──┬──  
   │             ╰────────────── previously defined here
   │                       │    
   │                       ╰──── redefined here
───╯
[R006] Error: duplicate definition of `x`
    ╭─[ duplicate_variants_and_fields.brs:11:6 ]
    │
 10 │   x: int
    │      ─┬─  
    │       ╰─── previously defined here
 11 │   x: int
    │      ─┬─  
    │       ╰─── redefined here
────╯
