---
source: crates/brasa_resolver/tests/resolution.rs
expression: rendered
---
[R003] Error: unknown type `Bogus`
   ╭─[ unknown_names_types_and_ctors.bras:2:11 ]
   │
 2 │ def go(p: Bogus): unit
   │           ──┬──  
   │             ╰──── not found in this scope
───╯
[R001] Error: unknown name `missing`
   ╭─[ unknown_names_types_and_ctors.bras:3:8 ]
   │
 3 │   puts missing
   │        ───┬───  
   │           ╰───── not found in this scope
───╯
[R003] Error: unknown type `Nope`
   ╭─[ unknown_names_types_and_ctors.bras:4:11 ]
   │
 4 │   let s = Nope { x: 1 }
   │           ───────┬──────  
   │                  ╰──────── not found in this scope
───╯
[R004] Error: unknown constructor `Whatever`
   ╭─[ unknown_names_types_and_ctors.bras:6:5 ]
   │
 6 │     Whatever(x) => puts x
   │     ─────┬─────  
   │          ╰─────── not found in this scope
───╯
