---
source: crates/brasa_resolver/tests/resolution.rs
expression: rendered
---
[R010] Error: `Coin` is not an interface
    ╭─[ ambiguous_ctor_and_bad_constraint.bras:12:10 ]
    │
 12 │ def flip<T: Coin>(value: T): T
    │          ┬  
    │          ╰── constraints must name an interface
────╯
[R005] Error: ambiguous constructor `Heads`
    ╭─[ ambiguous_ctor_and_bad_constraint.bras:16:9 ]
    │
 16 │ let c = Heads
    │         ──┬──  
    │           ╰──── matches more than one enum
    │ 
    │ Note: candidates: Coin, Toss
────╯
