---
source: crates/brasa_resolver/tests/resolution.rs
expression: rendered
---
[R012] Error: unknown stdlib error `string.Nope`
   ╭─[ unknown_native_error.bras:4:5 ]
   │
 4 │     string.Nope => 0
   │     ─────┬─────  
   │          ╰─────── no such stdlib error
   │ 
   │ Note: known stdlib errors: string.ParseError, string.RegexError, proc.NonZeroExit, proc.SpawnError, fs.NotFound, fs.Denied, fs.IoError, json.ParseError, json.ValueError, json.DecodeError, http.RequestError, cli.UsageError, concurrent.ScopeExited, concurrent.Cancelled, time.ParseError
───╯
