---
source: crates/brasa_errorset/tests/errorset.rs
expression: rendered
---
[E005] Error: `boom` declares `throws never` but can throw `BoomError`
   ╭─[ e005_throws_never.bras:6:5 ]
   │
 6 │ def boom(flag: bool): int throws never
   │     ──┬─  
   │       ╰─── this function can throw
───╯
[E005] Error: cannot verify `throws never`: `runThrough`'s error-set is open
    ╭─[ e005_throws_never.bras:13:5 ]
    │
 13 │ def runThrough(f: () -> int): int throws never
    │     ─────┬────  
    │          ╰────── the error-set of this function is open
    │ 
    │ Note: an indirect call or a throw of unknown type makes the set open
────╯
